[INFO] Scanning for projects...
[INFO] 
[INFO] -------------------< com.dirtygang:factionsrecruit >--------------------
[INFO] Building FactionsRecruit 1.0-SNAPSHOT
[INFO]   from pom.xml
[INFO] --------------------------------[ jar ]---------------------------------
[INFO] 
[INFO] --- resources:3.3.1:resources (default-resources) @ factionsrecruit ---
[INFO] Copying 3 resources from src/main/resources to target/classes
[INFO] 
[INFO] --- compiler:3.8.1:compile (default-compile) @ factionsrecruit ---
[INFO] Changes detected - recompiling the module!
[INFO] Compiling 34 source files to /home/gnut/detrix/factionsrecruit/target/classes
[INFO] /home/gnut/detrix/factionsrecruit/src/main/java/com/gnut/factionsrecruit/FactionApplicationEditorGUI.java: Some input files use or override a deprecated API.
[INFO] /home/gnut/detrix/factionsrecruit/src/main/java/com/gnut/factionsrecruit/FactionApplicationEditorGUI.java: Recompile with -Xlint:deprecation for details.
[INFO] -------------------------------------------------------------
[ERROR] COMPILATION ERROR : 
[INFO] -------------------------------------------------------------
[ERROR] /home/gnut/detrix/factionsrecruit/src/main/java/com/gnut/factionsrecruit/DatabaseManager.java:[17,32] cannot find symbol
  symbol:   class factionsrecruit
  location: package com.gnut.factionsrecruit
[ERROR] /home/gnut/detrix/factionsrecruit/src/main/java/com/gnut/factionsrecruit/DatabaseManager.java:[18,48] package com.gnut.factionsrecruit.database.models does not exist
[ERROR] /home/gnut/detrix/factionsrecruit/src/main/java/com/gnut/factionsrecruit/DatabaseManager.java:[19,37] cannot find symbol
  symbol:   class ConfigManager
  location: package com.gnut.factionsrecruit.util
[INFO] 3 errors 
[INFO] -------------------------------------------------------------
[INFO] ------------------------------------------------------------------------
[INFO] BUILD FAILURE
[INFO] ------------------------------------------------------------------------
[INFO] Total time:  2.164 s
[INFO] Finished at: 2025-10-02T09:12:08+02:00
[INFO] ------------------------------------------------------------------------
[ERROR] Failed to execute goal org.apache.maven.plugins:maven-compiler-plugin:3.8.1:compile (default-compile) on project factionsrecruit: Compilation failure: Compilation failure: 
[ERROR] /home/gnut/detrix/factionsrecruit/src/main/java/com/gnut/factionsrecruit/DatabaseManager.java:[17,32] cannot find symbol
[ERROR]   symbol:   class factionsrecruit
[ERROR]   location: package com.gnut.factionsrecruit
[ERROR] /home/gnut/detrix/factionsrecruit/src/main/java/com/gnut/factionsrecruit/DatabaseManager.java:[18,48] package com.gnut.factionsrecruit.database.models does not exist
[ERROR] /home/gnut/detrix/factionsrecruit/src/main/java/com/gnut/factionsrecruit/DatabaseManager.java:[19,37] cannot find symbol
[ERROR]   symbol:   class ConfigManager
[ERROR]   location: package com.gnut.factionsrecruit.util
[ERROR] -> [Help 1]
[ERROR] 
[ERROR] To see the full stack trace of the errors, re-run Maven with the -e switch.
[ERROR] Re-run Maven using the -X switch to enable full debug logging.
[ERROR] 
[ERROR] For more information about the errors and possible solutions, please read the following articles:
[ERROR] [Help 1] http://cwiki.apache.org/confluence/display/MAVEN/MojoFailureException
